// Jest Snapshot v1, https://goo.gl/fbAQLP

exports[`MessagesWindow Component should display the component 1`] = `
<div
  className="MuiPaper-root MuiPaper-elevation2 MuiPaper-rounded"
>
  <header
    className="MuiPaper-root MuiAppBar-root MuiAppBar-positionRelative MuiAppBar-colorTransparent MuiPaper-elevation4"
  >
    <div
      className="MuiToolbar-root MuiToolbar-regular MuiToolbar-gutters"
    >
      <h5
        className="MuiTypography-root MuiTypography-h5"
      >
        Messagerie
      </h5>
    </div>
  </header>
  <div
    className="MuiBox-root MuiBox-root-2 makeStyles-root-1"
  >
    <div
      className="MuiBox-root MuiBox-root-5 makeStyles-root-3"
    >
      abc
      <div
        className="MuiBox-root MuiBox-root-6 makeStyles-messageInfos-4"
      >
        Public
         - 
        02/02/2021
      </div>
    </div>
  </div>
</div>
`;
